// Jest Snapshot v1, https://goo.gl/fbAQLP

exports[`compiler [integration] compile returns content 1`] = `
"Talon.moduleRegistry.define('x/cmp1', ['lwc', 'a'], function (lwc, a) { 'use strict';

    a = a && a.hasOwnProperty('default') ? a['default'] : a;

    function stylesheet(hostSelector, shadowSelector, nativeShadow) {
      return \\"\\\\n\\" + (nativeShadow ? (\\":host {color: red;}\\") : (hostSelector + \\" {color: red;}\\")) + \\"\\\\n\\";
    }
    var _implicitStylesheets = [stylesheet];

    function tmpl($api, $cmp, $slotset, $ctx) {
      const {
        t: api_text,
        h: api_element
      } = $api;
      return [api_element(\\"h2\\", {
        key: 2
      }, [api_text(\\"Cmp 1\\")])];
    }

    var _tmpl = lwc.registerTemplate(tmpl);
    tmpl.stylesheets = [];

    if (_implicitStylesheets) {
      tmpl.stylesheets.push.apply(tmpl.stylesheets, _implicitStylesheets);
    }
    tmpl.stylesheetTokens = {
      hostAttribute: \\"x-cmp1_cmp1-host\\",
      shadowAttribute: \\"x-cmp1_cmp1\\"
    };

    var b = window[\\"B\\"];

    var c = window[\\"C\\"];

    a();
    b();
    c();

    class Cmp1 extends lwc.LightningElement {}

    var cmp1 = lwc.registerComponent(Cmp1, {
      tmpl: _tmpl
    });

    return cmp1;

});
"
`;
