// Jest Snapshot v1, https://goo.gl/fbAQLP

exports[`compiler-service compile returns content 1`] = `
Object {
  "compat": "input:id:development:es5:{\\"./ns/template1.js\\":\\"some javascript\\",\\"./ns/template1.html\\":\\"some html\\"}",
  "dev": "input:id:development:es2017:{\\"./ns/template1.js\\":\\"some javascript\\",\\"./ns/template1.html\\":\\"some html\\"}",
  "prod": "input:production:es2017:minify:input:id:production:es2017:{\\"./ns/template1.js\\":\\"some javascript\\",\\"./ns/template1.html\\":\\"some html\\"}",
  "prod_compat": "input:production:es5:minify:input:id:production:es5:{\\"./ns/template1.js\\":\\"some javascript\\",\\"./ns/template1.html\\":\\"some html\\"}",
  "prod_debug": "input:id:production:es2017:{\\"./ns/template1.js\\":\\"some javascript\\",\\"./ns/template1.html\\":\\"some html\\"}",
  "prod_debug_compat": "input:id:production:es5:{\\"./ns/template1.js\\":\\"some javascript\\",\\"./ns/template1.html\\":\\"some html\\"}",
}
`;
