// Jest Snapshot v1, https://goo.gl/fbAQLP

exports[`<commerce-product-detail> should render the product name and item number 1`] = `
<h3
  class="float-left"
>
  Checked Silk Tie
</h3>
`;

exports[`<commerce-product-detail> should render the product name and item number 2`] = `
<p
  class="small-paragraph"
>
  Item No. 
  25752235M
</p>
`;
