// Jest Snapshot v1, https://goo.gl/fbAQLP

exports[`view-generator [integration] generates theme layout view resource 1`] = `
StaticResource {
  "contents": Object {
    "compat": "Talon.moduleRegistry.define('talonGenerated/view__themeLayoutDefault', ['proxy-compat/setKey', 'proxy-compat/callKey2', 'talon/routerContainer', 'lwc', '@babel/runtime/helpers/classCallCheck', '@babel/runtime/helpers/possibleConstructorReturn', '@babel/runtime/helpers/getPrototypeOf', '@babel/runtime/helpers/inherits'], function (__setKey, __callKey2, _talonRouterContainer, lwc, _classCallCheck, _possibleConstructorReturn, _getPrototypeOf, _inherits) { 'use strict';

    __setKey = __setKey && __setKey.hasOwnProperty('default') ? __setKey['default'] : __setKey;
    __callKey2 = __callKey2 && __callKey2.hasOwnProperty('default') ? __callKey2['default'] : __callKey2;
    _talonRouterContainer = _talonRouterContainer && _talonRouterContainer.hasOwnProperty('default') ? _talonRouterContainer['default'] : _talonRouterContainer;
    _classCallCheck = _classCallCheck && _classCallCheck.hasOwnProperty('default') ? _classCallCheck['default'] : _classCallCheck;
    _possibleConstructorReturn = _possibleConstructorReturn && _possibleConstructorReturn.hasOwnProperty('default') ? _possibleConstructorReturn['default'] : _possibleConstructorReturn;
    _getPrototypeOf = _getPrototypeOf && _getPrototypeOf.hasOwnProperty('default') ? _getPrototypeOf['default'] : _getPrototypeOf;
    _inherits = _inherits && _inherits.hasOwnProperty('default') ? _inherits['default'] : _inherits;

    function tmpl($api, $cmp, $slotset, $ctx) {
      var api_custom_element = $api._ES5ProxyType ? $api.get(\\"c\\") : $api.c;
      return [api_custom_element(\\"talon-router-container\\", _talonRouterContainer, {
        key: 2
      }, [])];
    }

    var _tmpl = lwc.registerTemplate(tmpl);

    __setKey(tmpl, \\"stylesheets\\", []);

    __setKey(tmpl, \\"stylesheetTokens\\", {
      hostAttribute: \\"x-themeLayoutDefault_themeLayoutDefault-host\\",
      shadowAttribute: \\"x-themeLayoutDefault_themeLayoutDefault\\"
    });

    var ThemeLayoutDefault =
    /*#__PURE__*/
    function (_LightningElement) {
      _inherits(ThemeLayoutDefault, _LightningElement);

      function ThemeLayoutDefault() {
        _classCallCheck(this, ThemeLayoutDefault);

        return _possibleConstructorReturn(this, __callKey2(_getPrototypeOf(ThemeLayoutDefault), \\"apply\\", this, arguments));
      }

      return ThemeLayoutDefault;
    }(lwc.LightningElement);

    var _xThemeLayoutDefault = lwc.registerComponent(ThemeLayoutDefault, {
      tmpl: _tmpl
    });

    function tmpl$1($api, $cmp, $slotset, $ctx) {
      var api_custom_element = $api._ES5ProxyType ? $api.get(\\"c\\") : $api.c;
      return [api_custom_element(\\"x-theme-layout-default\\", _xThemeLayoutDefault, {
        key: 2
      }, [api_custom_element(\\"talon-router-container\\", _talonRouterContainer, {
        key: 3
      }, [])])];
    }

    var html = lwc.registerTemplate(tmpl$1);

    __setKey(tmpl$1, \\"stylesheets\\", []);

    __setKey(tmpl$1, \\"stylesheetTokens\\", {
      hostAttribute: \\"talonGenerated-view__themeLayoutDefault_view__themeLayoutDefault-host\\",
      shadowAttribute: \\"talonGenerated-view__themeLayoutDefault_view__themeLayoutDefault\\"
    });

    var view__themeLayoutDefault = {
      \\"html\\": html,
      \\"attributes\\": function attributes(cmp) {
        return {};
      }
    };

    return view__themeLayoutDefault;

});
",
    "dev": "Talon.moduleRegistry.define('talonGenerated/view__themeLayoutDefault', ['talon/routerContainer', 'lwc'], function (_talonRouterContainer, lwc) { 'use strict';

    _talonRouterContainer = _talonRouterContainer && _talonRouterContainer.hasOwnProperty('default') ? _talonRouterContainer['default'] : _talonRouterContainer;

    function tmpl($api, $cmp, $slotset, $ctx) {
      const {
        c: api_custom_element
      } = $api;
      return [api_custom_element(\\"talon-router-container\\", _talonRouterContainer, {
        key: 2
      }, [])];
    }

    var _tmpl = lwc.registerTemplate(tmpl);
    tmpl.stylesheets = [];
    tmpl.stylesheetTokens = {
      hostAttribute: \\"x-themeLayoutDefault_themeLayoutDefault-host\\",
      shadowAttribute: \\"x-themeLayoutDefault_themeLayoutDefault\\"
    };

    class ThemeLayoutDefault extends lwc.LightningElement {}

    var _xThemeLayoutDefault = lwc.registerComponent(ThemeLayoutDefault, {
      tmpl: _tmpl
    });

    function tmpl$1($api, $cmp, $slotset, $ctx) {
      const {
        c: api_custom_element
      } = $api;
      return [api_custom_element(\\"x-theme-layout-default\\", _xThemeLayoutDefault, {
        key: 2
      }, [api_custom_element(\\"talon-router-container\\", _talonRouterContainer, {
        key: 3
      }, [])])];
    }

    var html = lwc.registerTemplate(tmpl$1);
    tmpl$1.stylesheets = [];
    tmpl$1.stylesheetTokens = {
      hostAttribute: \\"talonGenerated-view__themeLayoutDefault_view__themeLayoutDefault-host\\",
      shadowAttribute: \\"talonGenerated-view__themeLayoutDefault_view__themeLayoutDefault\\"
    };

    var view__themeLayoutDefault = {
      \\"html\\": html,
      \\"attributes\\": cmp => ({})
    };

    return view__themeLayoutDefault;

});
",
    "prod": "Talon.moduleRegistry.define(\\"talonGenerated/view__themeLayoutDefault\\",[\\"talon/routerContainer\\",\\"lwc\\"],function(e,t){\\"use strict\\";function a(t,a,o,u){const{c:n}=t;return[n(\\"talon-router-container\\",e,{key:2},[])]}e=e&&e.hasOwnProperty(\\"default\\")?e.default:e;var o=t.registerTemplate(a);a.stylesheets=[],a.stylesheetTokens={hostAttribute:\\"x-themeLayoutDefault_themeLayoutDefault-host\\",shadowAttribute:\\"x-themeLayoutDefault_themeLayoutDefault\\"};var u=t.registerComponent(class extends t.LightningElement{},{tmpl:o});function n(t,a,o,n){const{c:r}=t;return[r(\\"x-theme-layout-default\\",u,{key:2},[r(\\"talon-router-container\\",e,{key:3},[])])]}var r=t.registerTemplate(n);return n.stylesheets=[],n.stylesheetTokens={hostAttribute:\\"talonGenerated-view__themeLayoutDefault_view__themeLayoutDefault-host\\",shadowAttribute:\\"talonGenerated-view__themeLayoutDefault_view__themeLayoutDefault\\"},{html:r,attributes:e=>({})}});",
    "prod_compat": "Talon.moduleRegistry.define(\\"talonGenerated/view__themeLayoutDefault\\",[\\"proxy-compat/setKey\\",\\"proxy-compat/callKey2\\",\\"talon/routerContainer\\",\\"lwc\\",\\"@babel/runtime/helpers/classCallCheck\\",\\"@babel/runtime/helpers/possibleConstructorReturn\\",\\"@babel/runtime/helpers/getPrototypeOf\\",\\"@babel/runtime/helpers/inherits\\"],function(e,t,a,r,u,l,o,n){\\"use strict\\";function s(e,t,r,u){return[(e._ES5ProxyType?e.get(\\"c\\"):e.c)(\\"talon-router-container\\",a,{key:2},[])]}e=e&&e.hasOwnProperty(\\"default\\")?e.default:e,t=t&&t.hasOwnProperty(\\"default\\")?t.default:t,a=a&&a.hasOwnProperty(\\"default\\")?a.default:a,u=u&&u.hasOwnProperty(\\"default\\")?u.default:u,l=l&&l.hasOwnProperty(\\"default\\")?l.default:l,o=o&&o.hasOwnProperty(\\"default\\")?o.default:o,n=n&&n.hasOwnProperty(\\"default\\")?n.default:n;var h=r.registerTemplate(s);e(s,\\"stylesheets\\",[]),e(s,\\"stylesheetTokens\\",{hostAttribute:\\"x-themeLayoutDefault_themeLayoutDefault-host\\",shadowAttribute:\\"x-themeLayoutDefault_themeLayoutDefault\\"});var i=function(e){function a(){return u(this,a),l(this,t(o(a),\\"apply\\",this,arguments))}return n(a,e),a}(r.LightningElement),y=r.registerComponent(i,{tmpl:h});function f(e,t,r,u){var l=e._ES5ProxyType?e.get(\\"c\\"):e.c;return[l(\\"x-theme-layout-default\\",y,{key:2},[l(\\"talon-router-container\\",a,{key:3},[])])]}var p=r.registerTemplate(f);return e(f,\\"stylesheets\\",[]),e(f,\\"stylesheetTokens\\",{hostAttribute:\\"talonGenerated-view__themeLayoutDefault_view__themeLayoutDefault-host\\",shadowAttribute:\\"talonGenerated-view__themeLayoutDefault_view__themeLayoutDefault\\"}),{html:p,attributes:function(e){return{}}}});",
    "prod_debug": "Talon.moduleRegistry.define('talonGenerated/view__themeLayoutDefault', ['talon/routerContainer', 'lwc'], function (_talonRouterContainer, lwc) { 'use strict';

    _talonRouterContainer = _talonRouterContainer && _talonRouterContainer.hasOwnProperty('default') ? _talonRouterContainer['default'] : _talonRouterContainer;

    function tmpl($api, $cmp, $slotset, $ctx) {
      const {
        c: api_custom_element
      } = $api;
      return [api_custom_element(\\"talon-router-container\\", _talonRouterContainer, {
        key: 2
      }, [])];
    }

    var _tmpl = lwc.registerTemplate(tmpl);
    tmpl.stylesheets = [];
    tmpl.stylesheetTokens = {
      hostAttribute: \\"x-themeLayoutDefault_themeLayoutDefault-host\\",
      shadowAttribute: \\"x-themeLayoutDefault_themeLayoutDefault\\"
    };

    class ThemeLayoutDefault extends lwc.LightningElement {}

    var _xThemeLayoutDefault = lwc.registerComponent(ThemeLayoutDefault, {
      tmpl: _tmpl
    });

    function tmpl$1($api, $cmp, $slotset, $ctx) {
      const {
        c: api_custom_element
      } = $api;
      return [api_custom_element(\\"x-theme-layout-default\\", _xThemeLayoutDefault, {
        key: 2
      }, [api_custom_element(\\"talon-router-container\\", _talonRouterContainer, {
        key: 3
      }, [])])];
    }

    var html = lwc.registerTemplate(tmpl$1);
    tmpl$1.stylesheets = [];
    tmpl$1.stylesheetTokens = {
      hostAttribute: \\"talonGenerated-view__themeLayoutDefault_view__themeLayoutDefault-host\\",
      shadowAttribute: \\"talonGenerated-view__themeLayoutDefault_view__themeLayoutDefault\\"
    };

    var view__themeLayoutDefault = {
      \\"html\\": html,
      \\"attributes\\": cmp => ({})
    };

    return view__themeLayoutDefault;

});
",
    "prod_debug_compat": "Talon.moduleRegistry.define('talonGenerated/view__themeLayoutDefault', ['proxy-compat/setKey', 'proxy-compat/callKey2', 'talon/routerContainer', 'lwc', '@babel/runtime/helpers/classCallCheck', '@babel/runtime/helpers/possibleConstructorReturn', '@babel/runtime/helpers/getPrototypeOf', '@babel/runtime/helpers/inherits'], function (__setKey, __callKey2, _talonRouterContainer, lwc, _classCallCheck, _possibleConstructorReturn, _getPrototypeOf, _inherits) { 'use strict';

    __setKey = __setKey && __setKey.hasOwnProperty('default') ? __setKey['default'] : __setKey;
    __callKey2 = __callKey2 && __callKey2.hasOwnProperty('default') ? __callKey2['default'] : __callKey2;
    _talonRouterContainer = _talonRouterContainer && _talonRouterContainer.hasOwnProperty('default') ? _talonRouterContainer['default'] : _talonRouterContainer;
    _classCallCheck = _classCallCheck && _classCallCheck.hasOwnProperty('default') ? _classCallCheck['default'] : _classCallCheck;
    _possibleConstructorReturn = _possibleConstructorReturn && _possibleConstructorReturn.hasOwnProperty('default') ? _possibleConstructorReturn['default'] : _possibleConstructorReturn;
    _getPrototypeOf = _getPrototypeOf && _getPrototypeOf.hasOwnProperty('default') ? _getPrototypeOf['default'] : _getPrototypeOf;
    _inherits = _inherits && _inherits.hasOwnProperty('default') ? _inherits['default'] : _inherits;

    function tmpl($api, $cmp, $slotset, $ctx) {
      var api_custom_element = $api._ES5ProxyType ? $api.get(\\"c\\") : $api.c;
      return [api_custom_element(\\"talon-router-container\\", _talonRouterContainer, {
        key: 2
      }, [])];
    }

    var _tmpl = lwc.registerTemplate(tmpl);

    __setKey(tmpl, \\"stylesheets\\", []);

    __setKey(tmpl, \\"stylesheetTokens\\", {
      hostAttribute: \\"x-themeLayoutDefault_themeLayoutDefault-host\\",
      shadowAttribute: \\"x-themeLayoutDefault_themeLayoutDefault\\"
    });

    var ThemeLayoutDefault =
    /*#__PURE__*/
    function (_LightningElement) {
      _inherits(ThemeLayoutDefault, _LightningElement);

      function ThemeLayoutDefault() {
        _classCallCheck(this, ThemeLayoutDefault);

        return _possibleConstructorReturn(this, __callKey2(_getPrototypeOf(ThemeLayoutDefault), \\"apply\\", this, arguments));
      }

      return ThemeLayoutDefault;
    }(lwc.LightningElement);

    var _xThemeLayoutDefault = lwc.registerComponent(ThemeLayoutDefault, {
      tmpl: _tmpl
    });

    function tmpl$1($api, $cmp, $slotset, $ctx) {
      var api_custom_element = $api._ES5ProxyType ? $api.get(\\"c\\") : $api.c;
      return [api_custom_element(\\"x-theme-layout-default\\", _xThemeLayoutDefault, {
        key: 2
      }, [api_custom_element(\\"talon-router-container\\", _talonRouterContainer, {
        key: 3
      }, [])])];
    }

    var html = lwc.registerTemplate(tmpl$1);

    __setKey(tmpl$1, \\"stylesheets\\", []);

    __setKey(tmpl$1, \\"stylesheetTokens\\", {
      hostAttribute: \\"talonGenerated-view__themeLayoutDefault_view__themeLayoutDefault-host\\",
      shadowAttribute: \\"talonGenerated-view__themeLayoutDefault_view__themeLayoutDefault\\"
    });

    var view__themeLayoutDefault = {
      \\"html\\": html,
      \\"attributes\\": function attributes(cmp) {
        return {};
      }
    };

    return view__themeLayoutDefault;

});
",
  },
  "descriptor": "view://themeLayoutDefault",
  "uids": Object {
    "compat": "7cee5a5675",
    "dev": "e0c6aacdcf",
    "prod": "87caf67416",
    "prod_compat": "d7043df4b0",
    "prod_debug": "e0c6aacdcf",
    "prod_debug_compat": "7cee5a5675",
  },
}
`;

exports[`view-generator [integration] generates view resource 1`] = `
StaticResource {
  "contents": Object {
    "compat": "Talon.moduleRegistry.define('talonGenerated/view__home', ['proxy-compat/setKey', 'proxy-compat/callKey2', 'lwc', '@babel/runtime/helpers/classCallCheck', '@babel/runtime/helpers/possibleConstructorReturn', '@babel/runtime/helpers/getPrototypeOf', '@babel/runtime/helpers/inherits', 'a', '@babel/runtime/helpers/createClass', 'lightning/configProvider'], function (__setKey, __callKey2, lwc, _classCallCheck, _possibleConstructorReturn, _getPrototypeOf, _inherits, a, _createClass, configProvider) { 'use strict';

    __setKey = __setKey && __setKey.hasOwnProperty('default') ? __setKey['default'] : __setKey;
    __callKey2 = __callKey2 && __callKey2.hasOwnProperty('default') ? __callKey2['default'] : __callKey2;
    _classCallCheck = _classCallCheck && _classCallCheck.hasOwnProperty('default') ? _classCallCheck['default'] : _classCallCheck;
    _possibleConstructorReturn = _possibleConstructorReturn && _possibleConstructorReturn.hasOwnProperty('default') ? _possibleConstructorReturn['default'] : _possibleConstructorReturn;
    _getPrototypeOf = _getPrototypeOf && _getPrototypeOf.hasOwnProperty('default') ? _getPrototypeOf['default'] : _getPrototypeOf;
    _inherits = _inherits && _inherits.hasOwnProperty('default') ? _inherits['default'] : _inherits;
    a = a && a.hasOwnProperty('default') ? a['default'] : a;
    _createClass = _createClass && _createClass.hasOwnProperty('default') ? _createClass['default'] : _createClass;

    function stylesheet(hostSelector, shadowSelector, nativeShadow) {
      return \\"\\\\n\\" + (nativeShadow ? \\":host {color: red;}\\" : hostSelector + \\" {color: red;}\\") + \\"\\\\n\\";
    }

    var _implicitStylesheets = [stylesheet];

    function tmpl($api, $cmp, $slotset, $ctx) {
      var api_text = $api._ES5ProxyType ? $api.get(\\"t\\") : $api.t,
          api_element = $api._ES5ProxyType ? $api.get(\\"h\\") : $api.h;
      return [api_element(\\"h2\\", {
        key: 2
      }, [api_text(\\"Cmp 1\\")])];
    }

    var _tmpl = lwc.registerTemplate(tmpl);

    __setKey(tmpl, \\"stylesheets\\", []);

    if (_implicitStylesheets) {
      __callKey2((tmpl._ES5ProxyType ? tmpl.get(\\"stylesheets\\") : tmpl.stylesheets).push, \\"apply\\", tmpl._ES5ProxyType ? tmpl.get(\\"stylesheets\\") : tmpl.stylesheets, _implicitStylesheets);
    }

    __setKey(tmpl, \\"stylesheetTokens\\", {
      hostAttribute: \\"x-cmp1_cmp1-host\\",
      shadowAttribute: \\"x-cmp1_cmp1\\"
    });

    var b = window._ES5ProxyType ? window.get(\\"B\\") : window[\\"B\\"];

    var c = window._ES5ProxyType ? window.get(\\"C\\") : window[\\"C\\"];

    a();
    b();
    c();

    var Cmp1 =
    /*#__PURE__*/
    function (_LightningElement) {
      _inherits(Cmp1, _LightningElement);

      function Cmp1() {
        _classCallCheck(this, Cmp1);

        return _possibleConstructorReturn(this, __callKey2(_getPrototypeOf(Cmp1), \\"apply\\", this, arguments));
      }

      return Cmp1;
    }(lwc.LightningElement);

    var _xCmp1 = lwc.registerComponent(Cmp1, {
      tmpl: _tmpl
    });

    function tmpl$1($api, $cmp, $slotset, $ctx) {
      var api_dynamic = $api._ES5ProxyType ? $api.get(\\"d\\") : $api.d,
          api_element = $api._ES5ProxyType ? $api.get(\\"h\\") : $api.h,
          api_custom_element = $api._ES5ProxyType ? $api.get(\\"c\\") : $api.c;
      return [api_element(\\"h1\\", {
        key: 2
      }, [api_dynamic($cmp._ES5ProxyType ? $cmp.get(\\"title\\") : $cmp.title)]), api_custom_element(\\"x-cmp1\\", _xCmp1, {
        key: 3
      }, [])];
    }

    var _tmpl$1 = lwc.registerTemplate(tmpl$1);

    __setKey(tmpl$1, \\"stylesheets\\", []);

    __setKey(tmpl$1, \\"stylesheetTokens\\", {
      hostAttribute: \\"x-home_home-host\\",
      shadowAttribute: \\"x-home_home\\"
    });

    var welcomeLabel = \\"Welcome!\\";

    var Home =
    /*#__PURE__*/
    function (_LightningElement) {
      _inherits(Home, _LightningElement);

      function Home() {
        _classCallCheck(this, Home);

        return _possibleConstructorReturn(this, __callKey2(_getPrototypeOf(Home), \\"apply\\", this, arguments));
      }

      _createClass(Home, [{
        key: \\"title\\",
        get: function get() {
          return welcomeLabel;
        }
      }]);

      return Home;
    }(lwc.LightningElement);

    var _xHome = lwc.registerComponent(Home, {
      tmpl: _tmpl$1
    });

    function tmpl$2($api, $cmp, $slotset, $ctx) {
      var _attributes, _xhome_, _a, _attributes2, _xhome_2, _b, _attributes3, _xhome_3, _c;

      var api_custom_element = $api._ES5ProxyType ? $api.get(\\"c\\") : $api.c;
      return [api_custom_element(\\"x-home\\", _xHome, {
        props: {
          \\"a\\": (_attributes = $cmp._ES5ProxyType ? $cmp.get(\\"attributes\\") : $cmp.attributes, _xhome_ = _attributes._ES5ProxyType ? _attributes.get(\\"xhome_0\\") : _attributes.xhome_0, _a = _xhome_._ES5ProxyType ? _xhome_.get(\\"a\\") : _xhome_.a),
          \\"b\\": (_attributes2 = $cmp._ES5ProxyType ? $cmp.get(\\"attributes\\") : $cmp.attributes, _xhome_2 = _attributes2._ES5ProxyType ? _attributes2.get(\\"xhome_0\\") : _attributes2.xhome_0, _b = _xhome_2._ES5ProxyType ? _xhome_2.get(\\"b\\") : _xhome_2.b),
          \\"c\\": (_attributes3 = $cmp._ES5ProxyType ? $cmp.get(\\"attributes\\") : $cmp.attributes, _xhome_3 = _attributes3._ES5ProxyType ? _attributes3.get(\\"xhome_0\\") : _attributes3.xhome_0, _c = _xhome_3._ES5ProxyType ? _xhome_3.get(\\"c\\") : _xhome_3.c)
        },
        key: 2
      }, [])];
    }

    var html = lwc.registerTemplate(tmpl$2);

    __setKey(tmpl$2, \\"stylesheets\\", []);

    __setKey(tmpl$2, \\"stylesheetTokens\\", {
      hostAttribute: \\"talonGenerated-view__home_view__home-host\\",
      shadowAttribute: \\"talonGenerated-view__home_view__home\\"
    });

    var view__home = {
      \\"html\\": html,
      \\"attributes\\": function attributes(cmp) {
        var _routeParams, _param;

        return {
          \\"xhome_0\\": {
            \\"a\\": 1,
            \\"b\\": \\"B\\",
            \\"c\\": (_routeParams = cmp._ES5ProxyType ? cmp.get(\\"routeParams\\") : cmp.routeParams, _param = _routeParams._ES5ProxyType ? _routeParams.get(\\"param1\\") : _routeParams[\\"param1\\"]) || ''
          }
        };
      }
    };

    return view__home;

});
",
    "dev": "Talon.moduleRegistry.define('talonGenerated/view__home', ['lwc', 'a', 'lightning/configProvider'], function (lwc, a, configProvider) { 'use strict';

    a = a && a.hasOwnProperty('default') ? a['default'] : a;

    function stylesheet(hostSelector, shadowSelector, nativeShadow) {
      return \\"\\\\n\\" + (nativeShadow ? (\\":host {color: red;}\\") : (hostSelector + \\" {color: red;}\\")) + \\"\\\\n\\";
    }
    var _implicitStylesheets = [stylesheet];

    function tmpl($api, $cmp, $slotset, $ctx) {
      const {
        t: api_text,
        h: api_element
      } = $api;
      return [api_element(\\"h2\\", {
        key: 2
      }, [api_text(\\"Cmp 1\\")])];
    }

    var _tmpl = lwc.registerTemplate(tmpl);
    tmpl.stylesheets = [];

    if (_implicitStylesheets) {
      tmpl.stylesheets.push.apply(tmpl.stylesheets, _implicitStylesheets);
    }
    tmpl.stylesheetTokens = {
      hostAttribute: \\"x-cmp1_cmp1-host\\",
      shadowAttribute: \\"x-cmp1_cmp1\\"
    };

    var b = window[\\"B\\"];

    var c = window[\\"C\\"];

    a();
    b();
    c();

    class Cmp1 extends lwc.LightningElement {}

    var _xCmp1 = lwc.registerComponent(Cmp1, {
      tmpl: _tmpl
    });

    function tmpl$1($api, $cmp, $slotset, $ctx) {
      const {
        d: api_dynamic,
        h: api_element,
        c: api_custom_element
      } = $api;
      return [api_element(\\"h1\\", {
        key: 2
      }, [api_dynamic($cmp.title)]), api_custom_element(\\"x-cmp1\\", _xCmp1, {
        key: 3
      }, [])];
    }

    var _tmpl$1 = lwc.registerTemplate(tmpl$1);
    tmpl$1.stylesheets = [];
    tmpl$1.stylesheetTokens = {
      hostAttribute: \\"x-home_home-host\\",
      shadowAttribute: \\"x-home_home\\"
    };

    var welcomeLabel = \\"Welcome!\\";

    class Home extends lwc.LightningElement {
      get title() {
        return welcomeLabel;
      }

    }

    var _xHome = lwc.registerComponent(Home, {
      tmpl: _tmpl$1
    });

    function tmpl$2($api, $cmp, $slotset, $ctx) {
      const {
        c: api_custom_element
      } = $api;
      return [api_custom_element(\\"x-home\\", _xHome, {
        props: {
          \\"a\\": $cmp.attributes.xhome_0.a,
          \\"b\\": $cmp.attributes.xhome_0.b,
          \\"c\\": $cmp.attributes.xhome_0.c
        },
        key: 2
      }, [])];
    }

    var html = lwc.registerTemplate(tmpl$2);
    tmpl$2.stylesheets = [];
    tmpl$2.stylesheetTokens = {
      hostAttribute: \\"talonGenerated-view__home_view__home-host\\",
      shadowAttribute: \\"talonGenerated-view__home_view__home\\"
    };

    var view__home = {
      \\"html\\": html,
      \\"attributes\\": cmp => ({
        \\"xhome_0\\": {
          \\"a\\": 1,
          \\"b\\": \\"B\\",
          \\"c\\": cmp.routeParams[\\"param1\\"] || ''
        }
      })
    };

    return view__home;

});
",
    "prod": "Talon.moduleRegistry.define(\\"talonGenerated/view__home\\",[\\"lwc\\",\\"a\\",\\"lightning/configProvider\\"],function(e,t,s){\\"use strict\\";t=t&&t.hasOwnProperty(\\"default\\")?t.default:t;var r=[function(e,t,s){return\\"\\\\n\\"+(s?\\":host {color: red;}\\":e+\\" {color: red;}\\")+\\"\\\\n\\"}];function o(e,t,s,r){const{t:o,h:n}=e;return[n(\\"h2\\",{key:2},[o(\\"Cmp 1\\")])]}var n=e.registerTemplate(o);o.stylesheets=[],r&&o.stylesheets.push.apply(o.stylesheets,r),o.stylesheetTokens={hostAttribute:\\"x-cmp1_cmp1-host\\",shadowAttribute:\\"x-cmp1_cmp1\\"};var h=window.B,i=window.C;t(),h(),i();var a=e.registerComponent(class extends e.LightningElement{},{tmpl:n});function m(e,t,s,r){const{d:o,h:n,c:h}=e;return[n(\\"h1\\",{key:2},[o(t.title)]),h(\\"x-cmp1\\",a,{key:3},[])]}var l=e.registerTemplate(m);m.stylesheets=[],m.stylesheetTokens={hostAttribute:\\"x-home_home-host\\",shadowAttribute:\\"x-home_home\\"};var u=\\"Welcome!\\";var c=e.registerComponent(class extends e.LightningElement{get title(){return u}},{tmpl:l});function p(e,t,s,r){const{c:o}=e;return[o(\\"x-home\\",c,{props:{a:t.attributes.xhome_0.a,b:t.attributes.xhome_0.b,c:t.attributes.xhome_0.c},key:2},[])]}var _=e.registerTemplate(p);return p.stylesheets=[],p.stylesheetTokens={hostAttribute:\\"talonGenerated-view__home_view__home-host\\",shadowAttribute:\\"talonGenerated-view__home_view__home\\"},{html:_,attributes:e=>({xhome_0:{a:1,b:\\"B\\",c:e.routeParams.param1||\\"\\"}})}});",
    "prod_compat": "Talon.moduleRegistry.define(\\"talonGenerated/view__home\\",[\\"proxy-compat/setKey\\",\\"proxy-compat/callKey2\\",\\"lwc\\",\\"@babel/runtime/helpers/classCallCheck\\",\\"@babel/runtime/helpers/possibleConstructorReturn\\",\\"@babel/runtime/helpers/getPrototypeOf\\",\\"@babel/runtime/helpers/inherits\\",\\"a\\",\\"@babel/runtime/helpers/createClass\\",\\"lightning/configProvider\\"],function(e,t,r,o,s,a,n,y,h,i){\\"use strict\\";e=e&&e.hasOwnProperty(\\"default\\")?e.default:e,t=t&&t.hasOwnProperty(\\"default\\")?t.default:t,o=o&&o.hasOwnProperty(\\"default\\")?o.default:o,s=s&&s.hasOwnProperty(\\"default\\")?s.default:s,a=a&&a.hasOwnProperty(\\"default\\")?a.default:a,n=n&&n.hasOwnProperty(\\"default\\")?n.default:n,y=y&&y.hasOwnProperty(\\"default\\")?y.default:y,h=h&&h.hasOwnProperty(\\"default\\")?h.default:h;var l=[function(e,t,r){return\\"\\\\n\\"+(r?\\":host {color: red;}\\":e+\\" {color: red;}\\")+\\"\\\\n\\"}];function p(e,t,r,o){var s=e._ES5ProxyType?e.get(\\"t\\"):e.t;return[(e._ES5ProxyType?e.get(\\"h\\"):e.h)(\\"h2\\",{key:2},[s(\\"Cmp 1\\")])]}var u=r.registerTemplate(p);e(p,\\"stylesheets\\",[]),l&&t((p._ES5ProxyType?p.get(\\"stylesheets\\"):p.stylesheets).push,\\"apply\\",p._ES5ProxyType?p.get(\\"stylesheets\\"):p.stylesheets,l),e(p,\\"stylesheetTokens\\",{hostAttribute:\\"x-cmp1_cmp1-host\\",shadowAttribute:\\"x-cmp1_cmp1\\"});var m=window._ES5ProxyType?window.get(\\"B\\"):window.B,_=window._ES5ProxyType?window.get(\\"C\\"):window.C;y(),m(),_();var c=function(e){function r(){return o(this,r),s(this,t(a(r),\\"apply\\",this,arguments))}return n(r,e),r}(r.LightningElement),g=r.registerComponent(c,{tmpl:u});function x(e,t,r,o){var s=e._ES5ProxyType?e.get(\\"d\\"):e.d,a=e._ES5ProxyType?e.get(\\"h\\"):e.h,n=e._ES5ProxyType?e.get(\\"c\\"):e.c;return[a(\\"h1\\",{key:2},[s(t._ES5ProxyType?t.get(\\"title\\"):t.title)]),n(\\"x-cmp1\\",g,{key:3},[])]}var d=r.registerTemplate(x);e(x,\\"stylesheets\\",[]),e(x,\\"stylesheetTokens\\",{hostAttribute:\\"x-home_home-host\\",shadowAttribute:\\"x-home_home\\"});var P=function(e){function r(){return o(this,r),s(this,t(a(r),\\"apply\\",this,arguments))}return n(r,e),h(r,[{key:\\"title\\",get:function(){return\\"Welcome!\\"}}]),r}(r.LightningElement),f=r.registerComponent(P,{tmpl:d});function w(e,t,r,o){var s,a,n,y,h,i;return[(e._ES5ProxyType?e.get(\\"c\\"):e.c)(\\"x-home\\",f,{props:{a:(s=t._ES5ProxyType?t.get(\\"attributes\\"):t.attributes,a=s._ES5ProxyType?s.get(\\"xhome_0\\"):s.xhome_0,a._ES5ProxyType?a.get(\\"a\\"):a.a),b:(n=t._ES5ProxyType?t.get(\\"attributes\\"):t.attributes,y=n._ES5ProxyType?n.get(\\"xhome_0\\"):n.xhome_0,y._ES5ProxyType?y.get(\\"b\\"):y.b),c:(h=t._ES5ProxyType?t.get(\\"attributes\\"):t.attributes,i=h._ES5ProxyType?h.get(\\"xhome_0\\"):h.xhome_0,i._ES5ProxyType?i.get(\\"c\\"):i.c)},key:2},[])]}var T=r.registerTemplate(w);return e(w,\\"stylesheets\\",[]),e(w,\\"stylesheetTokens\\",{hostAttribute:\\"talonGenerated-view__home_view__home-host\\",shadowAttribute:\\"talonGenerated-view__home_view__home\\"}),{html:T,attributes:function(e){var t;return{xhome_0:{a:1,b:\\"B\\",c:(t=e._ES5ProxyType?e.get(\\"routeParams\\"):e.routeParams,(t._ES5ProxyType?t.get(\\"param1\\"):t.param1)||\\"\\")}}}}});",
    "prod_debug": "Talon.moduleRegistry.define('talonGenerated/view__home', ['lwc', 'a', 'lightning/configProvider'], function (lwc, a, configProvider) { 'use strict';

    a = a && a.hasOwnProperty('default') ? a['default'] : a;

    function stylesheet(hostSelector, shadowSelector, nativeShadow) {
      return \\"\\\\n\\" + (nativeShadow ? (\\":host {color: red;}\\") : (hostSelector + \\" {color: red;}\\")) + \\"\\\\n\\";
    }
    var _implicitStylesheets = [stylesheet];

    function tmpl($api, $cmp, $slotset, $ctx) {
      const {
        t: api_text,
        h: api_element
      } = $api;
      return [api_element(\\"h2\\", {
        key: 2
      }, [api_text(\\"Cmp 1\\")])];
    }

    var _tmpl = lwc.registerTemplate(tmpl);
    tmpl.stylesheets = [];

    if (_implicitStylesheets) {
      tmpl.stylesheets.push.apply(tmpl.stylesheets, _implicitStylesheets);
    }
    tmpl.stylesheetTokens = {
      hostAttribute: \\"x-cmp1_cmp1-host\\",
      shadowAttribute: \\"x-cmp1_cmp1\\"
    };

    var b = window[\\"B\\"];

    var c = window[\\"C\\"];

    a();
    b();
    c();

    class Cmp1 extends lwc.LightningElement {}

    var _xCmp1 = lwc.registerComponent(Cmp1, {
      tmpl: _tmpl
    });

    function tmpl$1($api, $cmp, $slotset, $ctx) {
      const {
        d: api_dynamic,
        h: api_element,
        c: api_custom_element
      } = $api;
      return [api_element(\\"h1\\", {
        key: 2
      }, [api_dynamic($cmp.title)]), api_custom_element(\\"x-cmp1\\", _xCmp1, {
        key: 3
      }, [])];
    }

    var _tmpl$1 = lwc.registerTemplate(tmpl$1);
    tmpl$1.stylesheets = [];
    tmpl$1.stylesheetTokens = {
      hostAttribute: \\"x-home_home-host\\",
      shadowAttribute: \\"x-home_home\\"
    };

    var welcomeLabel = \\"Welcome!\\";

    class Home extends lwc.LightningElement {
      get title() {
        return welcomeLabel;
      }

    }

    var _xHome = lwc.registerComponent(Home, {
      tmpl: _tmpl$1
    });

    function tmpl$2($api, $cmp, $slotset, $ctx) {
      const {
        c: api_custom_element
      } = $api;
      return [api_custom_element(\\"x-home\\", _xHome, {
        props: {
          \\"a\\": $cmp.attributes.xhome_0.a,
          \\"b\\": $cmp.attributes.xhome_0.b,
          \\"c\\": $cmp.attributes.xhome_0.c
        },
        key: 2
      }, [])];
    }

    var html = lwc.registerTemplate(tmpl$2);
    tmpl$2.stylesheets = [];
    tmpl$2.stylesheetTokens = {
      hostAttribute: \\"talonGenerated-view__home_view__home-host\\",
      shadowAttribute: \\"talonGenerated-view__home_view__home\\"
    };

    var view__home = {
      \\"html\\": html,
      \\"attributes\\": cmp => ({
        \\"xhome_0\\": {
          \\"a\\": 1,
          \\"b\\": \\"B\\",
          \\"c\\": cmp.routeParams[\\"param1\\"] || ''
        }
      })
    };

    return view__home;

});
",
    "prod_debug_compat": "Talon.moduleRegistry.define('talonGenerated/view__home', ['proxy-compat/setKey', 'proxy-compat/callKey2', 'lwc', '@babel/runtime/helpers/classCallCheck', '@babel/runtime/helpers/possibleConstructorReturn', '@babel/runtime/helpers/getPrototypeOf', '@babel/runtime/helpers/inherits', 'a', '@babel/runtime/helpers/createClass', 'lightning/configProvider'], function (__setKey, __callKey2, lwc, _classCallCheck, _possibleConstructorReturn, _getPrototypeOf, _inherits, a, _createClass, configProvider) { 'use strict';

    __setKey = __setKey && __setKey.hasOwnProperty('default') ? __setKey['default'] : __setKey;
    __callKey2 = __callKey2 && __callKey2.hasOwnProperty('default') ? __callKey2['default'] : __callKey2;
    _classCallCheck = _classCallCheck && _classCallCheck.hasOwnProperty('default') ? _classCallCheck['default'] : _classCallCheck;
    _possibleConstructorReturn = _possibleConstructorReturn && _possibleConstructorReturn.hasOwnProperty('default') ? _possibleConstructorReturn['default'] : _possibleConstructorReturn;
    _getPrototypeOf = _getPrototypeOf && _getPrototypeOf.hasOwnProperty('default') ? _getPrototypeOf['default'] : _getPrototypeOf;
    _inherits = _inherits && _inherits.hasOwnProperty('default') ? _inherits['default'] : _inherits;
    a = a && a.hasOwnProperty('default') ? a['default'] : a;
    _createClass = _createClass && _createClass.hasOwnProperty('default') ? _createClass['default'] : _createClass;

    function stylesheet(hostSelector, shadowSelector, nativeShadow) {
      return \\"\\\\n\\" + (nativeShadow ? \\":host {color: red;}\\" : hostSelector + \\" {color: red;}\\") + \\"\\\\n\\";
    }

    var _implicitStylesheets = [stylesheet];

    function tmpl($api, $cmp, $slotset, $ctx) {
      var api_text = $api._ES5ProxyType ? $api.get(\\"t\\") : $api.t,
          api_element = $api._ES5ProxyType ? $api.get(\\"h\\") : $api.h;
      return [api_element(\\"h2\\", {
        key: 2
      }, [api_text(\\"Cmp 1\\")])];
    }

    var _tmpl = lwc.registerTemplate(tmpl);

    __setKey(tmpl, \\"stylesheets\\", []);

    if (_implicitStylesheets) {
      __callKey2((tmpl._ES5ProxyType ? tmpl.get(\\"stylesheets\\") : tmpl.stylesheets).push, \\"apply\\", tmpl._ES5ProxyType ? tmpl.get(\\"stylesheets\\") : tmpl.stylesheets, _implicitStylesheets);
    }

    __setKey(tmpl, \\"stylesheetTokens\\", {
      hostAttribute: \\"x-cmp1_cmp1-host\\",
      shadowAttribute: \\"x-cmp1_cmp1\\"
    });

    var b = window._ES5ProxyType ? window.get(\\"B\\") : window[\\"B\\"];

    var c = window._ES5ProxyType ? window.get(\\"C\\") : window[\\"C\\"];

    a();
    b();
    c();

    var Cmp1 =
    /*#__PURE__*/
    function (_LightningElement) {
      _inherits(Cmp1, _LightningElement);

      function Cmp1() {
        _classCallCheck(this, Cmp1);

        return _possibleConstructorReturn(this, __callKey2(_getPrototypeOf(Cmp1), \\"apply\\", this, arguments));
      }

      return Cmp1;
    }(lwc.LightningElement);

    var _xCmp1 = lwc.registerComponent(Cmp1, {
      tmpl: _tmpl
    });

    function tmpl$1($api, $cmp, $slotset, $ctx) {
      var api_dynamic = $api._ES5ProxyType ? $api.get(\\"d\\") : $api.d,
          api_element = $api._ES5ProxyType ? $api.get(\\"h\\") : $api.h,
          api_custom_element = $api._ES5ProxyType ? $api.get(\\"c\\") : $api.c;
      return [api_element(\\"h1\\", {
        key: 2
      }, [api_dynamic($cmp._ES5ProxyType ? $cmp.get(\\"title\\") : $cmp.title)]), api_custom_element(\\"x-cmp1\\", _xCmp1, {
        key: 3
      }, [])];
    }

    var _tmpl$1 = lwc.registerTemplate(tmpl$1);

    __setKey(tmpl$1, \\"stylesheets\\", []);

    __setKey(tmpl$1, \\"stylesheetTokens\\", {
      hostAttribute: \\"x-home_home-host\\",
      shadowAttribute: \\"x-home_home\\"
    });

    var welcomeLabel = \\"Welcome!\\";

    var Home =
    /*#__PURE__*/
    function (_LightningElement) {
      _inherits(Home, _LightningElement);

      function Home() {
        _classCallCheck(this, Home);

        return _possibleConstructorReturn(this, __callKey2(_getPrototypeOf(Home), \\"apply\\", this, arguments));
      }

      _createClass(Home, [{
        key: \\"title\\",
        get: function get() {
          return welcomeLabel;
        }
      }]);

      return Home;
    }(lwc.LightningElement);

    var _xHome = lwc.registerComponent(Home, {
      tmpl: _tmpl$1
    });

    function tmpl$2($api, $cmp, $slotset, $ctx) {
      var _attributes, _xhome_, _a, _attributes2, _xhome_2, _b, _attributes3, _xhome_3, _c;

      var api_custom_element = $api._ES5ProxyType ? $api.get(\\"c\\") : $api.c;
      return [api_custom_element(\\"x-home\\", _xHome, {
        props: {
          \\"a\\": (_attributes = $cmp._ES5ProxyType ? $cmp.get(\\"attributes\\") : $cmp.attributes, _xhome_ = _attributes._ES5ProxyType ? _attributes.get(\\"xhome_0\\") : _attributes.xhome_0, _a = _xhome_._ES5ProxyType ? _xhome_.get(\\"a\\") : _xhome_.a),
          \\"b\\": (_attributes2 = $cmp._ES5ProxyType ? $cmp.get(\\"attributes\\") : $cmp.attributes, _xhome_2 = _attributes2._ES5ProxyType ? _attributes2.get(\\"xhome_0\\") : _attributes2.xhome_0, _b = _xhome_2._ES5ProxyType ? _xhome_2.get(\\"b\\") : _xhome_2.b),
          \\"c\\": (_attributes3 = $cmp._ES5ProxyType ? $cmp.get(\\"attributes\\") : $cmp.attributes, _xhome_3 = _attributes3._ES5ProxyType ? _attributes3.get(\\"xhome_0\\") : _attributes3.xhome_0, _c = _xhome_3._ES5ProxyType ? _xhome_3.get(\\"c\\") : _xhome_3.c)
        },
        key: 2
      }, [])];
    }

    var html = lwc.registerTemplate(tmpl$2);

    __setKey(tmpl$2, \\"stylesheets\\", []);

    __setKey(tmpl$2, \\"stylesheetTokens\\", {
      hostAttribute: \\"talonGenerated-view__home_view__home-host\\",
      shadowAttribute: \\"talonGenerated-view__home_view__home\\"
    });

    var view__home = {
      \\"html\\": html,
      \\"attributes\\": function attributes(cmp) {
        var _routeParams, _param;

        return {
          \\"xhome_0\\": {
            \\"a\\": 1,
            \\"b\\": \\"B\\",
            \\"c\\": (_routeParams = cmp._ES5ProxyType ? cmp.get(\\"routeParams\\") : cmp.routeParams, _param = _routeParams._ES5ProxyType ? _routeParams.get(\\"param1\\") : _routeParams[\\"param1\\"]) || ''
          }
        };
      }
    };

    return view__home;

});
",
  },
  "descriptor": "view://home",
  "uids": Object {
    "compat": "3ae7b7a9d3",
    "dev": "8c40c579ba",
    "prod": "4ad502e34c",
    "prod_compat": "04ed849946",
    "prod_debug": "8c40c579ba",
    "prod_debug_compat": "3ae7b7a9d3",
  },
}
`;
