// Jest Snapshot v1, https://goo.gl/fbAQLP

exports[`talon-context uses default config 1`] = `
Object {
  "basePath": "",
  "indexHtml": "__tests__/fixtures/src/index.html",
  "isPreview": false,
  "labelsJson": "__tests__/fixtures/src/labels.json",
  "locale": "en_US",
  "outputDir": "__tests__/fixtures/dist",
  "routesJson": "__tests__/fixtures/src/routes.json",
  "srcDir": "__tests__/fixtures/src",
  "talonConfigJson": "__tests__/fixtures/talon.config.json",
  "templateDir": "__tests__/fixtures",
  "themeJson": "__tests__/fixtures/src/theme.json",
  "viewsDir": "__tests__/fixtures/src/views",
}
`;
